Sun Jun 28 15:24:36 2026 :: Hotboot: Spawning new log file.
Sun Jun 28 15:24:36 2026 :: Booting Database
 0 0 0 0 0 0 0 0 0 0 0 0 0 0 0 0 0 0 0 0 0 0 0 0 0 0 0 0 0 0 0 0
Sun Jun 28 15:24:36 2026 :: [*****] BOOT: ---------------------[ Boot Log ]--------------------
Sun Jun 28 15:24:36 2026 :: Initializing libdl support...
Sun Jun 28 15:24:36 2026 :: Loading commands...
Sun Jun 28 15:24:36 2026 :: Loading spec_funs...
Sun Jun 28 15:24:36 2026 :: Loading sysdata configuration...
Sun Jun 28 15:24:36 2026 :: Loading socials
Sun Jun 28 15:24:36 2026 :: Loading skill table
Sun Jun 28 15:24:36 2026 :: Sorting skill table...
Sun Jun 28 15:24:36 2026 :: Loading herb table
Sun Jun 28 15:24:36 2026 :: Making wizlist
Sun Jun 28 15:24:36 2026 :: Loading MSSP Data...
Sun Jun 28 15:24:36 2026 :: Initializing random number generator
Sun Jun 28 15:24:36 2026 :: Setting time and weather
Sun Jun 28 15:24:36 2026 :: Loading DNS cache...
Sun Jun 28 15:24:36 2026 :: Assigning gsn's
Sun Jun 28 15:24:36 2026 :: Reading in area files...
(help.are)
limbo.are     : Rooms:     1 - 45    Objs:     2 - 99    Mobs:     1 - 99
newacad.are   : Rooms: 10300 - 10430 Objs: 10300 - 10499 Mobs: 10340 - 10499
coruscant_streets: Rooms:   300 - 499   Objs:   300 - 499   Mobs:   300 - 499
space.are     : Rooms: 32000 - 32499 Objs: 32000 - 32499 Mobs: 32000 - 32499
menari_spaceport: Rooms:   199 - 226   Objs:   200 - 225   Mobs:   200 - 225
omni_complex  : Rooms:   100 - 112   Objs:   100 - 103   Mobs:     0 - 0
adari         : Rooms: 29000 - 29057 Objs: 29000 - 29059 Mobs: 29000 - 29059
gamorr        : Rooms: 28000 - 28199 Objs: 28000 - 28199 Mobs: 28000 - 28139
adari01       : Rooms: 29060 - 29158 Objs: 29060 - 29065 Mobs: 29060 - 29158
monument.plaza: Rooms: 26000 - 26099 Objs: 26000 - 26099 Mobs: 26000 - 26099
tatooine      : Rooms: 31500 - 31999 Objs: 31500 - 31524 Mobs: 31500 - 31532
darkhand      : Rooms:   600 - 699   Objs:   600 - 699   Mobs:   600 - 699
honoghr       : Rooms:  1000 - 1047  Objs:  1000 - 1099  Mobs:  1000 - 1099
cloning       : Rooms: 10000 - 10010 Objs: 10000 - 10009 Mobs: 10000 - 10009
senate        : Rooms: 10100 - 10199 Objs: 10100 - 10199 Mobs: 10100 - 10199
kashyyyk      : Rooms: 28600 - 28643 Objs: 28600 - 28605 Mobs: 28600 - 28608
a.byss.city   : Rooms: 28200 - 28399 Objs: 28200 - 28399 Mobs: 28200 - 28218
grand_towers  : Rooms:  5000 - 5099  Objs:  5000 - 5099  Mobs:  5000 - 5099
land.vehicles : Rooms: 30000 - 30999 Objs: 30000 - 30999 Mobs: 30000 - 30999
endor         : Rooms:  3000 - 3099  Objs:  3000 - 3008  Mobs:  3000 - 3005
Sorosuub      : Rooms:  6000 - 6098  Objs:  6000 - 6099  Mobs:     0 - 0
jedi_acad     : Rooms:  6099 - 6199  Objs:  6100 - 6199  Mobs:  6100 - 6199
hunter.ships  : Rooms:  6400 - 6499  Objs:  6400 - 6402  Mobs:  6400 - 6400
corus.pt2     : Rooms: 10200 - 10299 Objs: 10200 - 10299 Mobs: 10200 - 10299
mc90          : Rooms:  6700 - 6799  Objs:  6700 - 6799  Mobs:  6700 - 6799
hunters.guild : Rooms:  6600 - 6633  Objs:  6600 - 6611  Mobs:  6600 - 6604
mall          : Rooms:  7300 - 7399  Objs:  7300 - 7316  Mobs:  7300 - 7316
mon_cal.are   : Rooms: 21000 - 21499 Objs: 21000 - 21435 Mobs: 21000 - 21499
quarren.are   : Rooms:  6800 - 7200  Objs:  6800 - 6899  Mobs:  6800 - 6838
dagobah       : Rooms:  8200 - 8290  Objs:     0 - 0     Mobs:     0 - 0
throne.city   : Rooms:   700 - 799   Objs:   700 - 799   Mobs:   700 - 799
nal.hut       : Rooms: 21500 - 21515 Objs: 21500 - 21799 Mobs: 21500 - 21799
monolith      : Rooms:  8900 - 8999  Objs:  8900 - 8999  Mobs:  8900 - 8999
corus.jail    : Rooms:  9000 - 9049  Objs:  9000 - 9049  Mobs:  9000 - 9049
byss.jail     : Rooms:  9050 - 9099  Objs:  9050 - 9099  Mobs:  9050 - 9099
nar.shadda    : Rooms:   500 - 599   Objs:   500 - 541   Mobs:   500 - 573
sith_ruins.are: Rooms: 15000 - 15099 Objs: 15000 - 15007 Mobs: 15000 - 15006
Sun Jun 28 15:24:36 2026 :: Fixing exits
Sun Jun 28 15:24:36 2026 :: Initializing economy
Sun Jun 28 15:24:36 2026 :: Loading buildlist
Sun Jun 28 15:24:36 2026 :: ../gods/Admin
Sun Jun 28 15:24:36 2026 :: Loading boards
Sun Jun 28 15:24:36 2026 :: ../boards/student.board
Sun Jun 28 15:24:36 2026 :: ../boards/imm_monitor
Sun Jun 28 15:24:36 2026 :: ../boards/quest.board
Sun Jun 28 15:24:36 2026 :: ../boards/galactic_net
Sun Jun 28 15:24:36 2026 :: ../boards/mail_net
Sun Jun 28 15:24:36 2026 :: ../boards/nr.board
Sun Jun 28 15:24:36 2026 :: ../boards/imperial.board
Sun Jun 28 15:24:36 2026 :: ../boards/idea
Sun Jun 28 15:24:36 2026 :: ../boards/bidea.brd
Sun Jun 28 15:24:36 2026 :: ../boards/ackbuild.brd
Sun Jun 28 15:24:36 2026 :: ../boards/blueprint.brd
Sun Jun 28 15:24:36 2026 :: ../boards/jedi.board
Sun Jun 28 15:24:36 2026 :: Loading clans
Sun Jun 28 15:24:36 2026 :: Loading clans...
Sun Jun 28 15:24:36 2026 :: empire.clan
Sun Jun 28 15:24:36 2026 :: Loading clan storage room
Sun Jun 28 15:24:36 2026 :: republic.clan
Sun Jun 28 15:24:36 2026 :: Loading clan storage room
Sun Jun 28 15:24:36 2026 :: corperate.clan
Sun Jun 28 15:24:36 2026 :: Loading clan storage room
Sun Jun 28 15:24:36 2026 :: Zorgos.clan
Sun Jun 28 15:24:36 2026 :: Loading clan storage room
Sun Jun 28 15:24:36 2026 :: hunters.guild
Sun Jun 28 15:24:36 2026 :: Loading clan storage room
Sun Jun 28 15:24:36 2026 :: jedi.order
Sun Jun 28 15:24:36 2026 :: Loading clan storage room
Sun Jun 28 15:24:36 2026 :: blacksun
Sun Jun 28 15:24:36 2026 :: Loading clan storage room
Sun Jun 28 15:24:36 2026 :: the.emporers.hand
Sun Jun 28 15:24:36 2026 :: Loading clan storage room
Sun Jun 28 15:24:36 2026 :: Imperial.Navy
Sun Jun 28 15:24:36 2026 :: Loading clan storage room
Sun Jun 28 15:24:36 2026 :: rogue.squadron
Sun Jun 28 15:24:36 2026 :: Loading clan storage room
Sun Jun 28 15:24:36 2026 :: $
Sun Jun 28 15:24:36 2026 ::  Done clans
Sorting clans....
Sun Jun 28 15:24:36 2026 ::  Done sorting
Sun Jun 28 15:24:36 2026 :: Loading senate
Sun Jun 28 15:24:36 2026 :: Loading bans
Sun Jun 28 15:24:36 2026 :: Loading corpses
Sun Jun 28 15:24:36 2026 :: Loading space
Sun Jun 28 15:24:36 2026 :: Loading space...
Sun Jun 28 15:24:36 2026 ::  Done starsystems 
Sun Jun 28 15:24:36 2026 :: Loading ships
Sun Jun 28 15:24:36 2026 :: Loading ships...
Sun Jun 28 15:24:36 2026 ::  Done ships 
Sun Jun 28 15:24:36 2026 :: Loading bounties
Sun Jun 28 15:24:36 2026 :: Loading disintigrations...
Sun Jun 28 15:24:36 2026 ::  Done bounties 
Sun Jun 28 15:24:36 2026 :: Loading governments
Sun Jun 28 15:24:36 2026 :: Loading planets...
Sun Jun 28 15:24:36 2026 :: coruscant
Sun Jun 28 15:24:36 2026 :: byss
Sun Jun 28 15:24:36 2026 :: honoghr
Sun Jun 28 15:24:36 2026 :: gamorr
Sun Jun 28 15:24:36 2026 :: endor
Sun Jun 28 15:24:36 2026 :: Kashyyyk
Sun Jun 28 15:24:36 2026 :: moncal
Sun Jun 28 15:24:36 2026 :: adari
Sun Jun 28 15:24:36 2026 :: tatooine
Sun Jun 28 15:24:36 2026 :: $
Sun Jun 28 15:24:36 2026 ::  Done planets 
Sun Jun 28 15:24:36 2026 :: Loading world state...
Sun Jun 28 15:24:36 2026 :: World state: loading mobs
Sun Jun 28 15:24:36 2026 :: World state: loading objs
Sun Jun 28 15:24:36 2026 :: World state: loading ships
Sun Jun 28 15:24:36 2026 :: Resetting areas
Sun Jun 28 15:24:36 2026 :: Initializing socket
Sun Jun 28 15:24:36 2026 :: Star Wars Reality ready on port 4000.
Sun Jun 28 15:24:36 2026 :: Initiating hotboot recovery.
Sun Jun 28 15:24:36 2026 :: Loading player data for: Admin (1K)
Sun Jun 28 15:24:36 2026 :: Hotboot recovery complete.
Sun Jun 28 15:24:57 2026 :: Log Admin: restore
Sun Jun 28 15:25:01 2026 :: Log Admin: restore admin
Sun Jun 28 15:29:03 2026 :: Log Admin: oset lightsaber
Sun Jun 28 15:30:12 2026 :: Log Admin: oset lightsaber value2 50
Sun Jun 28 15:30:36 2026 :: Log Admin: oset lightsaber sizedamdie 50
Sun Jun 28 15:30:57 2026 :: Log Admin: oset lightsaber sizedamdie 50
Sun Jun 28 15:31:22 2026 :: Log Admin: oset lightsaber numdamdie 10
Sun Jun 28 15:35:36 2026 :: Log Admin: oset lightsaber
Sun Jun 28 15:36:55 2026 :: Log Admin: oset lightsaber numdamdie 50
Sun Jun 28 15:37:18 2026 :: Log Admin: oset lightsaber sizedamdie 10
Sun Jun 28 15:38:11 2026 :: Log Admin: oset lightsaber numdamdie 500
Sun Jun 28 15:38:52 2026 :: Log Admin: oset lightsaber numdamdie 1000
Sun Jun 28 15:39:50 2026 :: Log Admin: minvoke luke
Sun Jun 28 15:40:03 2026 :: Log Admin: force luke sit
Sun Jun 28 15:41:25 2026 :: Log Admin: restore admin
Sun Jun 28 15:41:40 2026 :: Log Admin: slay luke
Sun Jun 28 15:42:40 2026 :: Admin has quit.
Sun Jun 28 15:44:31 2026 :: Preloading player data for: Admin (1K)
Sun Jun 28 15:44:32 2026 :: Loading player data for: Admin (1K)
Sun Jun 28 15:44:32 2026 :: Admin (localhost) has connected.
Sun Jun 28 15:47:51 2026 :: Log Admin: restore admin
Sun Jun 28 15:48:26 2026 :: Log Admin: oset lightsaber numdamdie 600
Sun Jun 28 15:48:40 2026 :: Log Admin: oset lightsaber numdamdie 400
Sun Jun 28 15:48:48 2026 :: Log Admin: oset lightsaber numdamdie 200
Sun Jun 28 15:48:58 2026 :: Log Admin: oset lightsaber numdamdie 100
Sun Jun 28 16:02:41 2026 :: Admin has quit.
