Thu Jul 23 22:02:02 2026 :: Hotboot: Spawning new log file.
Thu Jul 23 22:02:02 2026 :: Booting Database
 0 0 0 0 0 0 0 0 0 0 0 0 0 0 0 0 0 0 0 0 0 0 0 0 0 0 0 0 0 0 0 0
Thu Jul 23 22:02:02 2026 :: [*****] BOOT: ---------------------[ Boot Log ]--------------------
Thu Jul 23 22:02:02 2026 :: Initializing libdl support...
Thu Jul 23 22:02:02 2026 :: Loading commands...
Thu Jul 23 22:02:02 2026 :: Loading spec_funs...
Thu Jul 23 22:02:02 2026 :: Loading sysdata configuration...
Thu Jul 23 22:02:02 2026 :: Loading socials
Thu Jul 23 22:02:02 2026 :: Loading skill table
Thu Jul 23 22:02:02 2026 :: Sorting skill table...
Thu Jul 23 22:02:02 2026 :: Loading herb table
Thu Jul 23 22:02:02 2026 :: Making wizlist
Thu Jul 23 22:02:02 2026 :: Loading MSSP Data...
Thu Jul 23 22:02:02 2026 :: Initializing random number generator
Thu Jul 23 22:02:02 2026 :: Setting time and weather
Thu Jul 23 22:02:02 2026 :: Loading DNS cache...
Thu Jul 23 22:02:02 2026 :: Assigning gsn's
Thu Jul 23 22:02:02 2026 :: Reading in area files...
(help.are)
limbo.are     : Rooms:     1 - 45    Objs:    61 - 99    Mobs:     1 - 99
newacad.are   : Rooms: 10300 - 10430 Objs: 10300 - 10499 Mobs: 10340 - 10499
coruscant_streets: Rooms:   300 - 499   Objs:   300 - 499   Mobs:   300 - 499
space.are     : Rooms: 32000 - 32499 Objs: 32000 - 32499 Mobs: 32000 - 32499
menari_spaceport: Rooms:   199 - 227   Objs:   200 - 362   Mobs:   200 - 227
vigilant_stand: Rooms:   802 - 808   Objs:     0 - 0     Mobs:     0 - 0
sovereigns_reach: Rooms:   809 - 816   Objs:     0 - 0     Mobs:     0 - 0
omni_complex  : Rooms:   100 - 112   Objs:   100 - 103   Mobs:     0 - 0
adari         : Rooms: 29000 - 29057 Objs: 29000 - 29059 Mobs: 29000 - 29059
gamorr        : Rooms: 28000 - 28199 Objs: 28000 - 28199 Mobs: 28000 - 28139
adari01       : Rooms: 29060 - 29158 Objs: 29060 - 29065 Mobs: 29060 - 29158
monument.plaza: Rooms: 26000 - 26099 Objs: 26000 - 26099 Mobs: 26000 - 26099
tatooine      : Rooms: 31500 - 31999 Objs: 31500 - 31524 Mobs: 31500 - 31532
darkhand      : Rooms:   600 - 699   Objs:   600 - 699   Mobs:   600 - 699
honoghr       : Rooms:  1000 - 1047  Objs:  1000 - 1099  Mobs:  1000 - 1099
cloning       : Rooms: 10000 - 10010 Objs: 10000 - 10009 Mobs: 10000 - 10009
senate        : Rooms: 10100 - 10199 Objs: 10100 - 10199 Mobs: 10100 - 10199
kashyyyk      : Rooms: 28600 - 28643 Objs: 28600 - 28605 Mobs: 28600 - 28608
a.byss.city   : Rooms: 28200 - 28399 Objs: 28200 - 28399 Mobs: 28200 - 28218
grand_towers  : Rooms:  5000 - 5099  Objs:  5000 - 5099  Mobs:  5000 - 5099
land.vehicles : Rooms: 30000 - 30999 Objs: 30000 - 30999 Mobs: 30000 - 30999
endor         : Rooms:  3000 - 3099  Objs:  3000 - 3008  Mobs:  3000 - 3005
Sorosuub      : Rooms:  6000 - 6098  Objs:  6000 - 6099  Mobs:     0 - 0
jedi_acad     : Rooms:  6099 - 6199  Objs:  6100 - 6199  Mobs:  6100 - 6199
hunter.ships  : Rooms:  6400 - 6499  Objs:  6400 - 6402  Mobs:  6400 - 6400
corus.pt2     : Rooms: 10200 - 10299 Objs: 10200 - 10299 Mobs: 10200 - 10299
mc90          : Rooms:  6700 - 6799  Objs:  6700 - 6799  Mobs:  6700 - 6799
hunters.guild : Rooms:  6600 - 6633  Objs:  6600 - 6611  Mobs:  6600 - 6604
mall          : Rooms:  7300 - 7399  Objs:  7300 - 7316  Mobs:  7300 - 7316
mon_cal.are   : Rooms: 21000 - 21499 Objs: 21000 - 21435 Mobs: 21000 - 21499
quarren.are   : Rooms:  6800 - 7200  Objs:  6800 - 6899  Mobs:  6800 - 6838
dagobah       : Rooms:  8200 - 8290  Objs:     0 - 0     Mobs:     0 - 0
throne.city   : Rooms:   700 - 799   Objs:   700 - 799   Mobs:   700 - 799
nal.hut       : Rooms: 21500 - 21515 Objs: 21500 - 21799 Mobs: 21500 - 21799
monolith      : Rooms:  8900 - 8999  Objs:  8900 - 8999  Mobs:  8900 - 8999
corus.jail    : Rooms:  9000 - 9049  Objs:  9000 - 9049  Mobs:  9000 - 9049
byss.jail     : Rooms:  9050 - 9099  Objs:  9050 - 9099  Mobs:  9050 - 9099
nar.shadda    : Rooms:   500 - 599   Objs:   500 - 541   Mobs:   500 - 573
sith_ruins.are: Rooms: 15000 - 15099 Objs: 15000 - 15007 Mobs: 15000 - 15006
jedi_temple.are: Rooms: 16000 - 16099 Objs: 16000 - 16013 Mobs: 16000 - 16009
korriban.are  : Rooms: 33000 - 33099 Objs: 33000 - 33007 Mobs: 33000 - 33009
tython_padawan_kesh.are: Rooms: 40001 - 40008 Objs: 40001 - 40002 Mobs: 40001 - 40003
tython_vur_tepe.are: Rooms: 40101 - 40108 Objs: 40101 - 40102 Mobs: 40101 - 40103
tython_anil_kesh.are: Rooms: 40201 - 40208 Objs: 40201 - 40202 Mobs: 40201 - 40203
tython_kaleth.are: Rooms: 40301 - 40308 Objs: 40301 - 40302 Mobs: 40301 - 40303
tython_qigong_kesh.are: Rooms: 40401 - 40408 Objs: 40401 - 40402 Mobs: 40401 - 40403
tython_stav_kesh.are: Rooms: 40501 - 40508 Objs: 40501 - 40502 Mobs: 40501 - 40503
tython_bodhi.are: Rooms: 40601 - 40608 Objs: 40601 - 40602 Mobs: 40601 - 40603
tython_mahara_kesh.are: Rooms: 40701 - 40708 Objs: 40701 - 40702 Mobs: 40701 - 40704
tython_akar_kesh.are: Rooms: 40801 - 40808 Objs: 40801 - 40802 Mobs: 40801 - 40803
Thu Jul 23 22:02:02 2026 :: Fixing exits
Thu Jul 23 22:02:02 2026 :: Initializing economy
Thu Jul 23 22:02:02 2026 :: Loading buildlist
Thu Jul 23 22:02:02 2026 :: ../gods/Admin
Thu Jul 23 22:02:02 2026 :: ../gods/Remi
Thu Jul 23 22:02:02 2026 :: Loading boards
Thu Jul 23 22:02:02 2026 :: ../boards/student.board
Thu Jul 23 22:02:02 2026 :: ../boards/imm_monitor
Thu Jul 23 22:02:02 2026 :: ../boards/quest.board
Thu Jul 23 22:02:02 2026 :: ../boards/galactic_net
Thu Jul 23 22:02:02 2026 :: ../boards/mail_net
Thu Jul 23 22:02:02 2026 :: ../boards/nr.board
Thu Jul 23 22:02:02 2026 :: ../boards/imperial.board
Thu Jul 23 22:02:02 2026 :: ../boards/idea
Thu Jul 23 22:02:02 2026 :: ../boards/bidea.brd
Thu Jul 23 22:02:02 2026 :: ../boards/ackbuild.brd
Thu Jul 23 22:02:02 2026 :: ../boards/blueprint.brd
Thu Jul 23 22:02:02 2026 :: ../boards/jedi.board
Thu Jul 23 22:02:02 2026 :: Loading clans
Thu Jul 23 22:02:02 2026 :: Loading clans...
Thu Jul 23 22:02:02 2026 :: empire.clan
Thu Jul 23 22:02:02 2026 :: Loading clan storage room
Thu Jul 23 22:02:02 2026 :: republic.clan
Thu Jul 23 22:02:02 2026 :: Loading clan storage room
Thu Jul 23 22:02:02 2026 :: corperate.clan
Thu Jul 23 22:02:02 2026 :: Loading clan storage room
Thu Jul 23 22:02:02 2026 :: Zorgos.clan
Thu Jul 23 22:02:02 2026 :: Loading clan storage room
Thu Jul 23 22:02:02 2026 :: hunters.guild
Thu Jul 23 22:02:02 2026 :: Loading clan storage room
Thu Jul 23 22:02:02 2026 :: jedi.order
Thu Jul 23 22:02:02 2026 :: Loading clan storage room
Thu Jul 23 22:02:02 2026 :: blacksun
Thu Jul 23 22:02:02 2026 :: Loading clan storage room
Thu Jul 23 22:02:02 2026 :: the.emporers.hand
Thu Jul 23 22:02:02 2026 :: Loading clan storage room
Thu Jul 23 22:02:02 2026 :: Imperial.Navy
Thu Jul 23 22:02:02 2026 :: Loading clan storage room
Thu Jul 23 22:02:02 2026 :: rogue.squadron
Thu Jul 23 22:02:02 2026 :: Loading clan storage room
Thu Jul 23 22:02:02 2026 :: $
Thu Jul 23 22:02:02 2026 ::  Done clans
Sorting clans....
Thu Jul 23 22:02:02 2026 ::  Done sorting
Thu Jul 23 22:02:02 2026 ::  Done ranks and rosters
Thu Jul 23 22:02:02 2026 :: Loading senate
Thu Jul 23 22:02:02 2026 :: Loading bans
Thu Jul 23 22:02:02 2026 :: Loading corpses
Thu Jul 23 22:02:02 2026 :: Loading space
Thu Jul 23 22:02:02 2026 :: Loading space...
Thu Jul 23 22:02:02 2026 ::  Done starsystems 
Thu Jul 23 22:02:02 2026 :: Loading ships
Thu Jul 23 22:02:02 2026 :: Loading ships...
Thu Jul 23 22:02:02 2026 ::  Done ships 
Thu Jul 23 22:02:02 2026 :: Loading bounties
Thu Jul 23 22:02:02 2026 :: Loading disintigrations...
Thu Jul 23 22:02:02 2026 ::  Done bounties 
Thu Jul 23 22:02:02 2026 :: Loading cargo
Thu Jul 23 22:02:02 2026 :: Loading governments
Thu Jul 23 22:02:02 2026 :: Loading planets...
Thu Jul 23 22:02:02 2026 :: coruscant
Thu Jul 23 22:02:02 2026 :: byss
Thu Jul 23 22:02:02 2026 :: honoghr
Thu Jul 23 22:02:02 2026 :: gamorr
Thu Jul 23 22:02:02 2026 :: endor
Thu Jul 23 22:02:02 2026 :: Kashyyyk
Thu Jul 23 22:02:02 2026 :: moncal
Thu Jul 23 22:02:02 2026 :: adari
Thu Jul 23 22:02:02 2026 :: tatooine
Thu Jul 23 22:02:02 2026 :: korriban
Thu Jul 23 22:02:02 2026 :: tython
Thu Jul 23 22:02:02 2026 :: $
Thu Jul 23 22:02:02 2026 ::  Done planets 
Thu Jul 23 22:02:02 2026 :: Loading world state...
Thu Jul 23 22:02:02 2026 :: World state: loading mobs
Thu Jul 23 22:02:02 2026 :: World state: loading objs
Thu Jul 23 22:02:02 2026 :: World state: loading ships
Thu Jul 23 22:02:02 2026 :: Resetting areas
Thu Jul 23 22:02:02 2026 :: Initializing socket
Thu Jul 23 22:02:02 2026 :: Star Wars Reality ready on port 4000.
Thu Jul 23 22:02:02 2026 :: Initiating hotboot recovery.
Thu Jul 23 22:02:02 2026 :: Loading player data for: Remi (10K)
Thu Jul 23 22:02:02 2026 :: Hotboot recovery complete.
Thu Jul 23 22:07:44 2026 :: Log Remi: se
Thu Jul 23 22:09:06 2026 :: Log Remi: se
Thu Jul 23 22:09:54 2026 :: Log Remi: rset
Thu Jul 23 22:10:09 2026 :: Log Remi: rset 104 flags
Thu Jul 23 22:10:11 2026 :: Log Remi: rset 104 flags
Thu Jul 23 22:11:24 2026 :: Log Remi: rset
Thu Jul 23 22:11:29 2026 :: Log Remi: redit
Thu Jul 23 22:11:50 2026 :: Log Remi: redit flags factory
Thu Jul 23 22:12:10 2026 :: Log Remi: oinvoke toolkit
Thu Jul 23 22:12:36 2026 :: Log Remi: oinvoke 75
Thu Jul 23 22:12:36 2026 :: Log Remi: oinvoke 75
Thu Jul 23 22:13:05 2026 :: Log Remi: oinvoke 10492
Thu Jul 23 22:13:14 2026 :: Log Remi: oinvoke oven
Thu Jul 23 22:16:07 2026 :: Log Remi: oinvoke 10492
Thu Jul 23 22:16:13 2026 :: Log Remi: oinvoke 75
Thu Jul 23 22:18:57 2026 :: Log Remi: minvoke puff
Thu Jul 23 22:22:52 2026 :: Log Remi: slay puff
Thu Jul 23 22:23:45 2026 :: Log Remi: restore remi
Thu Jul 23 22:23:54 2026 :: Log Remi: mset remi align 1000
Thu Jul 23 22:24:07 2026 :: Log Remi: minvoke puff
Thu Jul 23 22:24:38 2026 :: Log Remi: slay puff
Thu Jul 23 22:26:59 2026 :: Log Remi: oinvoke flame
Thu Jul 23 22:27:04 2026 :: Log Remi: oinvoke flamethrower
Thu Jul 23 22:27:04 2026 :: [*****] BUG: create_object: vnum 66 bad type: 104.
Thu Jul 23 22:27:34 2026 :: Log Remi: mset remi align -1000
Thu Jul 23 22:59:44 2026 :: Log Remi: reboot mud now
Thu Jul 23 22:59:44 2026 :: Normal termination of game.
