help.are
limbo.are
newacad.are
coruscant_streets
space.are
menari_spaceport
vigilant_stand
sovereigns_reach
omni_complex
adari
gamorr
adari01
monument.plaza
tatooine
darkhand
honoghr
cloning
senate
kashyyyk
a.byss.city
grand_towers
land.vehicles
endor
Sorosuub
jedi_acad
hunter.ships
corus.pt2
mc90
hunters.guild
mall
mon_cal.are
quarren.are
dagobah
throne.city
nal.hut
monolith
corus.jail
byss.jail
nar.shadda
sith_ruins.are
jedi_temple.are
korriban.are
tython_padawan_kesh.are
tython_vur_tepe.are
tython_anil_kesh.are
tython_kaleth.are
tython_qigong_kesh.are
tython_stav_kesh.are
tython_bodhi.are
tython_mahara_kesh.are
tython_akar_kesh.are
tython_wilds.are
$
